// Jest Snapshot v1, https://goo.gl/fbAQLP

exports[`Component Message should be render without crash 1`] = `
.c0 {
  display: -webkit-box;
  display: -webkit-flex;
  display: -ms-flexbox;
  display: flex;
  margin: 1.6rem 0;
  -webkit-box-pack: center;
  -webkit-justify-content: center;
  -ms-flex-pack: center;
  justify-content: center;
  color: #121E38;
  font-size: 1.2rem;
}

.c1 {
  font-size: 1rem;
  color: #FFFFFF;
  width: 1.5rem;
  height: 1.5rem;
  -webkit-flex: 0 0 1.5rem;
  -ms-flex: 0 0 1.5rem;
  flex: 0 0 1.5rem;
  overflow: hidden;
  display: -webkit-box;
  display: -webkit-flex;
  display: -ms-flexbox;
  display: flex;
  -webkit-flex-flow: column nowrap;
  -ms-flex-flow: column nowrap;
  flex-flow: column nowrap;
  -webkit-align-items: center;
  -webkit-box-align: center;
  -ms-flex-align: center;
  align-items: center;
  -webkit-box-pack: space - around;
  -webkit-justify-content: space - around;
  -ms-flex-pack: space - around;
  justify-content: space - around;
  font-weight: 900;
  border-radius: 50%;
  margin-right: 1.2rem;
  background-color: #3C80F1;
}

.c1:before {
  content: 'i';
}

<div
  className="c0"
  onClick={undefined}
>
  <div
    className="c1"
  />
  <div>
    Hello je suis un Message. Lorem ipsum dolor sit amet, consectetur adipisicing elit. Consequuntur quaerat, doloremque neque voluptas ut laudantium similique nulla consequatur nesciunt labore enim, at numquam dolor fugit maxime commodi facere odio cupiditate.
  </div>
</div>
`;
