// Jest Snapshot v1, https://goo.gl/fbAQLP

exports[`Loader is rendering properly 1`] = `
<div
  className="app-start-loading"
>
  <div
    id="preloader"
  >
    <div
      id="loader"
    />
  </div>
</div>
`;
