// Jest Snapshot v1, https://goo.gl/fbAQLP

exports[`Component Shake should be render without crash 1`] = `
.c0 {
  -webkit-transform: translateX(0);
  -ms-transform: translateX(0);
  transform: translateX(0);
}

<div
  className="c0"
>
  <p>
    Child
  </p>
</div>
`;
